// Jest Snapshot v1, https://goo.gl/fbAQLP

exports[`Confirm DOM structure of page header 1`] = `
<header
  className="App-header"
>
  <img
    alt="logo"
    className="App-logo"
    src="logo.svg"
  />
</header>
`;
