// Jest Snapshot v1, https://goo.gl/fbAQLP

exports[`App framework changes 1`] = `
<DocumentFragment>
  <div
    class="App"
  >
    <div
      class="sidebar"
    >
      <div
        class="navlink"
      >
        <a
          class=""
          href="/home"
        >
          Home
        </a>
        <a
          class=""
          href="/create"
        >
          Create
        </a>
        <a
          class=""
          href="/edit"
        >
          Edit
        </a>
        <a
          class=""
          href="/help"
        >
          Help
        </a>
        <a>
          Log Out
        </a>
      </div>
    </div>
    <div
      id="page-main"
    />
  </div>
</DocumentFragment>
`;
